  ▲ Next.js 14.2.28
  - Local:        http://localhost:3000
  - Experiments (use with caution):
    · outputFileTracingRoot

 ✓ Starting...
 ✓ Ready in 1506ms
 ○ Compiling / ...
 ✓ Compiled / in 2s (1166 modules)
 GET / 200 in 2533ms
 ✓ Compiled in 398ms (584 modules)
 GET / 200 in 102ms
 ○ Compiling /contact ...
 ✓ Compiled /contact in 923ms (1188 modules)
 GET /contact 200 in 1126ms
 GET /about 200 in 1134ms
 GET /services 200 in 1128ms
 GET / 200 in 67ms
 GET /about 200 in 67ms
 GET /contact 200 in 69ms
 GET /services 200 in 70ms
 GET / 200 in 24ms
 GET /about 200 in 26ms
 GET /services 200 in 28ms
 GET /contact 200 in 30ms
 GET / 200 in 29ms
 ✓ Compiled in 329ms (1188 modules)
 ✓ Compiled in 349ms (598 modules)
 ✓ Compiled in 253ms (598 modules)
 ✓ Compiled in 309ms (598 modules)
 ✓ Compiled in 262ms (598 modules)
[?25h
