 ⨯ ./app/globals.css:2:1
Syntax error: /home/ubuntu/bonanza-camping/app/app/globals.css The `border-border` class does not exist. If `border-border` is a custom class, make sure it is defined within a `@layer` directive.

  1 | 
> 2 | @tailwind base;
    | ^
  3 | @tailwind components;
  4 | @tailwind utilities;
<w> [webpack.cache.PackFileCacheStrategy] Skipped not serializable cache item 'Compilation/modules|/opt/hostedapp/node/root/app/node_modules/next/dist/build/webpack/loaders/css-loader/src/index.js??ruleSet[1].rules[14].oneOf[12].use[2]!/opt/hostedapp/node/root/app/node_modules/next/dist/build/webpack/loaders/postcss-loader/src/index.js??ruleSet[1].rules[14].oneOf[12].use[3]!/home/ubuntu/bonanza-camping/app/app/globals.css': No serializer registered for PostCSSSyntaxError
<w> while serializing webpack/lib/cache/PackFileCacheStrategy.PackContentItems -> webpack/lib/NormalModule -> webpack/lib/ModuleBuildError -> PostCSSSyntaxError
 ⨯ ./app/globals.css:2:1
Syntax error: /home/ubuntu/bonanza-camping/app/app/globals.css The `border-border` class does not exist. If `border-border` is a custom class, make sure it is defined within a `@layer` directive.

  1 | 
> 2 | @tailwind base;
    | ^
  3 | @tailwind components;
  4 | @tailwind utilities;
 ⚠ ./components/features-section.tsx
Attempted import error: 'Shower' is not exported from '__barrel_optimize__?names=Car,MapPin,Shield,Shower,Utensils,Wifi!=!lucide-react' (imported as 'Shower').

Import trace for requested module:
./components/features-section.tsx
./app/page.tsx

./components/services-overview.tsx
Attempted import error: 'Campfire' is not exported from '__barrel_optimize__?names=Camera,Campfire,Fish,Mountain,Tent,TreePine!=!lucide-react' (imported as 'Campfire').

Import trace for requested module:
./components/services-overview.tsx
./app/page.tsx

./components/features-section.tsx
Attempted import error: 'Shower' is not exported from '__barrel_optimize__?names=Car,MapPin,Shield,Shower,Utensils,Wifi!=!lucide-react' (imported as 'Shower').

Import trace for requested module:
./components/features-section.tsx
./app/page.tsx

./components/services-overview.tsx
Attempted import error: 'Campfire' is not exported from '__barrel_optimize__?names=Camera,Campfire,Fish,Mountain,Tent,TreePine!=!lucide-react' (imported as 'Campfire').

Import trace for requested module:
./components/services-overview.tsx
./app/page.tsx
 ⚠ ./components/features-section.tsx
Attempted import error: 'Shower' is not exported from '__barrel_optimize__?names=Car,MapPin,Shield,Shower,Utensils,Wifi!=!lucide-react' (imported as 'Shower').

Import trace for requested module:
./components/features-section.tsx
./app/page.tsx

./components/services-overview.tsx
Attempted import error: 'Campfire' is not exported from '__barrel_optimize__?names=Camera,Campfire,Fish,Mountain,Tent,TreePine!=!lucide-react' (imported as 'Campfire').

Import trace for requested module:
./components/services-overview.tsx
./app/page.tsx

./components/features-section.tsx
Attempted import error: 'Shower' is not exported from '__barrel_optimize__?names=Car,MapPin,Shield,Shower,Utensils,Wifi!=!lucide-react' (imported as 'Shower').

Import trace for requested module:
./components/features-section.tsx
./app/page.tsx

./components/services-overview.tsx
Attempted import error: 'Campfire' is not exported from '__barrel_optimize__?names=Camera,Campfire,Fish,Mountain,Tent,TreePine!=!lucide-react' (imported as 'Campfire').

Import trace for requested module:
./components/services-overview.tsx
./app/page.tsx
