  ▲ Next.js 14.2.28
  - Local:        http://localhost:3000
  - Experiments (use with caution):
    · outputFileTracingRoot

 ✓ Starting...
 ✓ Ready in 1552ms
 ○ Compiling / ...
 ✓ Compiled / in 2.1s (1166 modules)
 GET / 200 in 2534ms
 ✓ Compiled in 454ms (584 modules)
 GET / 200 in 58ms
 GET / 200 in 26ms
 GET / 200 in 34ms
 ○ Compiling /about ...
 ✓ Compiled /about in 565ms (1170 modules)
 ✓ Compiled /services in 459ms (1186 modules)
 ✓ Compiled /contact in 488ms (1200 modules)
 GET /contact 200 in 606ms
  ▲ Next.js 14.2.28
  - Local:        http://localhost:3000

 ✓ Starting...
 ✓ Ready in 1422ms
